{"u_token":"SAXJK1cdp5bonGKzWxkg2m7vRwd2pIYz","part_number":"DWM3000SQ","manufacturer":"Qorvo","mode":"place-part","plugin":".snap","source":"https://www.snapeda.com"}